// Vitest Snapshot v1, https://vitest.dev/guide/snapshot.html

exports[`Hawaiian golden snapshot > matches the recorded 50-word sample at seed 42 1`] = `
[
  "na",
  "ua",
  "kāikemu",
  "e",
  "u",
  "kulenāna",
  "ma",
  "kaame",
  "mapome",
  "muhakī",
  "nii",
  "e",
  "īo",
  "makewoawo",
  "le",
  "pama",
  "nameni",
  "keīlanapa",
  "lonāe",
  "ēkānuu",
  "anīomī",
  "uī",
  "na",
  "iālu",
  "ʻali",
  "ma",
  "mo",
  "kuē",
  "mā",
  "huponiwu",
  "mamui",
  "kuwikaili",
  "mūni",
  "āaiwaho",
  "mō",
  "muī",
  "wonīmomi",
  "pe",
  "keko",
  "ka",
  "malī",
  "omū",
  "kē",
  "mawo",
  "woni",
  "anima",
  "a",
  "i",
  "ʻi",
  "linā",
]
`;
